// Jest Snapshot v1, https://goo.gl/fbAQLP

exports[`<Landing Page component Correctly renders 1`] = `
Object {
  "asFragment": [Function],
  "baseElement": <body>
    <div>
      <div>
        <p
          data-testid="welcome"
        >
          Welcome to the Learn Space application. The application makes use of the NASA Video and Image API. The application allows keyword searches. Results are limited to 10 currently per search. It is also possible to save links and review them on the user details page.
        </p>
        <img
          alt="Learn Space Ltd"
          class="img-fluid"
          src="landingPageImage.jpg"
        />
      </div>
    </div>
  </body>,
  "container": <div>
    <div>
      <p
        data-testid="welcome"
      >
        Welcome to the Learn Space application. The application makes use of the NASA Video and Image API. The application allows keyword searches. Results are limited to 10 currently per search. It is also possible to save links and review them on the user details page.
      </p>
      <img
        alt="Learn Space Ltd"
        class="img-fluid"
        src="landingPageImage.jpg"
      />
    </div>
  </div>,
  "debug": [Function],
  "findAllByAltText": [Function],
  "findAllByDisplayValue": [Function],
  "findAllByLabelText": [Function],
  "findAllByPlaceholderText": [Function],
  "findAllByRole": [Function],
  "findAllByTestId": [Function],
  "findAllByText": [Function],
  "findAllByTitle": [Function],
  "findByAltText": [Function],
  "findByDisplayValue": [Function],
  "findByLabelText": [Function],
  "findByPlaceholderText": [Function],
  "findByRole": [Function],
  "findByTestId": [Function],
  "findByText": [Function],
  "findByTitle": [Function],
  "getAllByAltText": [Function],
  "getAllByDisplayValue": [Function],
  "getAllByLabelText": [Function],
  "getAllByPlaceholderText": [Function],
  "getAllByRole": [Function],
  "getAllByTestId": [Function],
  "getAllByText": [Function],
  "getAllByTitle": [Function],
  "getByAltText": [Function],
  "getByDisplayValue": [Function],
  "getByLabelText": [Function],
  "getByPlaceholderText": [Function],
  "getByRole": [Function],
  "getByTestId": [Function],
  "getByText": [Function],
  "getByTitle": [Function],
  "queryAllByAltText": [Function],
  "queryAllByDisplayValue": [Function],
  "queryAllByLabelText": [Function],
  "queryAllByPlaceholderText": [Function],
  "queryAllByRole": [Function],
  "queryAllByTestId": [Function],
  "queryAllByText": [Function],
  "queryAllByTitle": [Function],
  "queryByAltText": [Function],
  "queryByDisplayValue": [Function],
  "queryByLabelText": [Function],
  "queryByPlaceholderText": [Function],
  "queryByRole": [Function],
  "queryByTestId": [Function],
  "queryByText": [Function],
  "queryByTitle": [Function],
  "rerender": [Function],
  "unmount": [Function],
}
`;
