// Jest Snapshot v1, https://goo.gl/fbAQLP

exports[`TopicsContent Page component Correctly renders 1`] = `
Object {
  "asFragment": [Function],
  "baseElement": <body>
    <div>
      <div>
        <div
          class="MuiGrid-root classes.container MuiGrid-container"
        >
          <div
            class="MuiGrid-root classes.missioncontextcontainer MuiGrid-item MuiGrid-grid-xs-12"
          >
            <h2>
              Topics
            </h2>
          </div>
          <div
            class="MuiGrid-root classes.missioncontextcontainer MuiGrid-item MuiGrid-grid-xs-12"
          >
            <a
              href="https://www.nasa.gov/topics/humans-in-space"
              rel="noreferrer"
              target="_blank"
            >
              Humans in space
            </a>
          </div>
          <div
            class="MuiGrid-root classes.missioncontextcontainer MuiGrid-item MuiGrid-grid-xs-12"
          >
            <a
              href="https://www.nasa.gov/topics/moon-to-mars"
              rel="noreferrer"
              target="_blank"
            >
              Moon to Mars
            </a>
          </div>
          <div
            class="MuiGrid-root classes.missioncontextcontainer MuiGrid-item MuiGrid-grid-xs-12"
          >
            <a
              href="https://www.nasa.gov/topics/earth/index.html"
              rel="noreferrer"
              target="_blank"
            >
              Earth
            </a>
          </div>
          <div
            class="MuiGrid-root classes.missioncontextcontainer MuiGrid-item MuiGrid-grid-xs-12"
          >
            <a
              href="https://www.nasa.gov/topics/technology/index.html"
              rel="noreferrer"
              target="_blank"
            >
              Technology
            </a>
          </div>
          <div
            class="MuiGrid-root classes.missioncontextcontainer MuiGrid-item MuiGrid-grid-xs-12"
          >
            <a
              href="https://www.nasa.gov/topics/aeronautics/index.html"
              rel="noreferrer"
              target="_blank"
            >
              Aeronautics
            </a>
          </div>
          <div
            class="MuiGrid-root classes.missioncontextcontainer MuiGrid-item MuiGrid-grid-xs-12"
          >
            <a
              href="nasa.gov/topics/solarsystem/index.html"
              rel="noreferrer"
              target="_blank"
            >
              Solar System
            </a>
          </div>
          <div
            class="MuiGrid-root classes.missioncontextcontainer MuiGrid-item MuiGrid-grid-xs-12"
          >
            <a
              href="https://www.nasa.gov/stem"
              rel="noreferrer"
              target="_blank"
            >
              STEM
            </a>
          </div>
          <div
            class="MuiGrid-root classes.missioncontextcontainer MuiGrid-item MuiGrid-grid-xs-12"
          >
            <a
              href="https://www.nasa.gov/topics/benefits/index.html"
              rel="noreferrer"
              target="_blank"
            >
              Benefits
            </a>
          </div>
          <div
            class="MuiGrid-root classes.missioncontextcontainer MuiGrid-item MuiGrid-grid-xs-12"
          >
            <h2>
              Missions
            </h2>
          </div>
          <div
            class="MuiGrid-root classes.missioncontextcontainer MuiGrid-item MuiGrid-grid-xs-12"
          >
            <a
              href="https://www.nasa.gov/specials/artemis/"
              rel="noreferrer"
              target="_blank"
            >
              Artemis
            </a>
          </div>
          <div
            class="MuiGrid-root classes.missioncontextcontainer MuiGrid-item MuiGrid-grid-xs-12"
          >
            <a
              href="https://www.nasa.gov/exploration/commercial/crew/index.html"
              rel="noreferrer"
              target="_blank"
            >
              Commercial Crew Program
            </a>
          </div>
          <div
            class="MuiGrid-root classes.missioncontextcontainer MuiGrid-item MuiGrid-grid-xs-12"
          >
            <a
              href="https://www.nasa.gov/mission_pages/msl/index.html"
              rel="noreferrer"
              target="_blank"
            >
              Curiosity Mars Rover
            </a>
          </div>
          <div
            class="MuiGrid-root classes.missioncontextcontainer MuiGrid-item MuiGrid-grid-xs-12"
          >
            <a
              href="https://www.nasa.gov/mission_pages/hubble/main/index.html"
              rel="noreferrer"
              target="_blank"
            >
              Hubble Space Telescope
            </a>
          </div>
          <div
            class="MuiGrid-root classes.missioncontextcontainer MuiGrid-item MuiGrid-grid-xs-12"
          >
            <a
              href="https://www.nasa.gov/mission_pages/webb/main/index.html"
              rel="noreferrer"
              target="_blank"
            >
              James Webb Space Telescope
            </a>
          </div>
          <div
            class="MuiGrid-root classes.missioncontextcontainer MuiGrid-item MuiGrid-grid-xs-12"
          >
            <a
              href="https://www.nasa.gov/mission_pages/juno/main/index.html"
              rel="noreferrer"
              target="_blank"
            >
              Juno: Mission Jupiter
            </a>
          </div>
          <div
            class="MuiGrid-root classes.missioncontextcontainer MuiGrid-item MuiGrid-grid-xs-12"
          >
            <a
              href="https://www.nasa.gov/mission_pages/station/main/index.html"
              rel="noreferrer"
              target="_blank"
            >
              International Space Station
            </a>
          </div>
          <div
            class="MuiGrid-root classes.missioncontextcontainer MuiGrid-item MuiGrid-grid-xs-12"
          >
            <a
              href="https://www.nasa.gov/mission_pages/insight/main/index.html"
              rel="noreferrer"
              target="_blank"
            >
              Insight Mars Lander
            </a>
          </div>
          <div
            class="MuiGrid-root classes.missioncontextcontainer MuiGrid-item MuiGrid-grid-xs-12"
          >
            <a
              href="https://www.nasa.gov/perseverance"
              rel="noreferrer"
              target="_blank"
            >
              Insight Mars Lander
            </a>
          </div>
          <div
            class="MuiGrid-root classes.missioncontextcontainer MuiGrid-item MuiGrid-grid-xs-12"
          >
            <a
              href="https://www.nasa.gov/mission_pages/newhorizons/main/index.html"
              rel="noreferrer"
              target="_blank"
            >
              New Horizons
            </a>
          </div>
          <div
            class="MuiGrid-root classes.missioncontextcontainer MuiGrid-item MuiGrid-grid-xs-12"
          >
            <a
              href="https://www.nasa.gov/osiris-rex"
              rel="noreferrer"
              target="_blank"
            >
              Osiris Rex
            </a>
          </div>
          <div
            class="MuiGrid-root classes.missioncontextcontainer MuiGrid-item MuiGrid-grid-xs-12"
          >
            <a
              href="https://www.nasa.gov/content/goddard/parker-solar-probe"
              rel="noreferrer"
              target="_blank"
            >
              Parker Solar Probe
            </a>
          </div>
          <div
            class="MuiGrid-root classes.missioncontextcontainer MuiGrid-item MuiGrid-grid-xs-12"
          >
            <a
              href="https://www.nasa.gov/launchschedule/"
              rel="noreferrer"
              target="_blank"
            >
              Launch Schedule
            </a>
          </div>
          <div
            class="MuiGrid-root classes.missioncontextcontainer MuiGrid-item MuiGrid-grid-xs-12"
          >
            <a
              href="https://www.nasa.gov/missions"
              rel="noreferrer"
              target="_blank"
            >
              Missions A-Z
            </a>
          </div>
        </div>
      </div>
    </div>
  </body>,
  "container": <div>
    <div>
      <div
        class="MuiGrid-root classes.container MuiGrid-container"
      >
        <div
          class="MuiGrid-root classes.missioncontextcontainer MuiGrid-item MuiGrid-grid-xs-12"
        >
          <h2>
            Topics
          </h2>
        </div>
        <div
          class="MuiGrid-root classes.missioncontextcontainer MuiGrid-item MuiGrid-grid-xs-12"
        >
          <a
            href="https://www.nasa.gov/topics/humans-in-space"
            rel="noreferrer"
            target="_blank"
          >
            Humans in space
          </a>
        </div>
        <div
          class="MuiGrid-root classes.missioncontextcontainer MuiGrid-item MuiGrid-grid-xs-12"
        >
          <a
            href="https://www.nasa.gov/topics/moon-to-mars"
            rel="noreferrer"
            target="_blank"
          >
            Moon to Mars
          </a>
        </div>
        <div
          class="MuiGrid-root classes.missioncontextcontainer MuiGrid-item MuiGrid-grid-xs-12"
        >
          <a
            href="https://www.nasa.gov/topics/earth/index.html"
            rel="noreferrer"
            target="_blank"
          >
            Earth
          </a>
        </div>
        <div
          class="MuiGrid-root classes.missioncontextcontainer MuiGrid-item MuiGrid-grid-xs-12"
        >
          <a
            href="https://www.nasa.gov/topics/technology/index.html"
            rel="noreferrer"
            target="_blank"
          >
            Technology
          </a>
        </div>
        <div
          class="MuiGrid-root classes.missioncontextcontainer MuiGrid-item MuiGrid-grid-xs-12"
        >
          <a
            href="https://www.nasa.gov/topics/aeronautics/index.html"
            rel="noreferrer"
            target="_blank"
          >
            Aeronautics
          </a>
        </div>
        <div
          class="MuiGrid-root classes.missioncontextcontainer MuiGrid-item MuiGrid-grid-xs-12"
        >
          <a
            href="nasa.gov/topics/solarsystem/index.html"
            rel="noreferrer"
            target="_blank"
          >
            Solar System
          </a>
        </div>
        <div
          class="MuiGrid-root classes.missioncontextcontainer MuiGrid-item MuiGrid-grid-xs-12"
        >
          <a
            href="https://www.nasa.gov/stem"
            rel="noreferrer"
            target="_blank"
          >
            STEM
          </a>
        </div>
        <div
          class="MuiGrid-root classes.missioncontextcontainer MuiGrid-item MuiGrid-grid-xs-12"
        >
          <a
            href="https://www.nasa.gov/topics/benefits/index.html"
            rel="noreferrer"
            target="_blank"
          >
            Benefits
          </a>
        </div>
        <div
          class="MuiGrid-root classes.missioncontextcontainer MuiGrid-item MuiGrid-grid-xs-12"
        >
          <h2>
            Missions
          </h2>
        </div>
        <div
          class="MuiGrid-root classes.missioncontextcontainer MuiGrid-item MuiGrid-grid-xs-12"
        >
          <a
            href="https://www.nasa.gov/specials/artemis/"
            rel="noreferrer"
            target="_blank"
          >
            Artemis
          </a>
        </div>
        <div
          class="MuiGrid-root classes.missioncontextcontainer MuiGrid-item MuiGrid-grid-xs-12"
        >
          <a
            href="https://www.nasa.gov/exploration/commercial/crew/index.html"
            rel="noreferrer"
            target="_blank"
          >
            Commercial Crew Program
          </a>
        </div>
        <div
          class="MuiGrid-root classes.missioncontextcontainer MuiGrid-item MuiGrid-grid-xs-12"
        >
          <a
            href="https://www.nasa.gov/mission_pages/msl/index.html"
            rel="noreferrer"
            target="_blank"
          >
            Curiosity Mars Rover
          </a>
        </div>
        <div
          class="MuiGrid-root classes.missioncontextcontainer MuiGrid-item MuiGrid-grid-xs-12"
        >
          <a
            href="https://www.nasa.gov/mission_pages/hubble/main/index.html"
            rel="noreferrer"
            target="_blank"
          >
            Hubble Space Telescope
          </a>
        </div>
        <div
          class="MuiGrid-root classes.missioncontextcontainer MuiGrid-item MuiGrid-grid-xs-12"
        >
          <a
            href="https://www.nasa.gov/mission_pages/webb/main/index.html"
            rel="noreferrer"
            target="_blank"
          >
            James Webb Space Telescope
          </a>
        </div>
        <div
          class="MuiGrid-root classes.missioncontextcontainer MuiGrid-item MuiGrid-grid-xs-12"
        >
          <a
            href="https://www.nasa.gov/mission_pages/juno/main/index.html"
            rel="noreferrer"
            target="_blank"
          >
            Juno: Mission Jupiter
          </a>
        </div>
        <div
          class="MuiGrid-root classes.missioncontextcontainer MuiGrid-item MuiGrid-grid-xs-12"
        >
          <a
            href="https://www.nasa.gov/mission_pages/station/main/index.html"
            rel="noreferrer"
            target="_blank"
          >
            International Space Station
          </a>
        </div>
        <div
          class="MuiGrid-root classes.missioncontextcontainer MuiGrid-item MuiGrid-grid-xs-12"
        >
          <a
            href="https://www.nasa.gov/mission_pages/insight/main/index.html"
            rel="noreferrer"
            target="_blank"
          >
            Insight Mars Lander
          </a>
        </div>
        <div
          class="MuiGrid-root classes.missioncontextcontainer MuiGrid-item MuiGrid-grid-xs-12"
        >
          <a
            href="https://www.nasa.gov/perseverance"
            rel="noreferrer"
            target="_blank"
          >
            Insight Mars Lander
          </a>
        </div>
        <div
          class="MuiGrid-root classes.missioncontextcontainer MuiGrid-item MuiGrid-grid-xs-12"
        >
          <a
            href="https://www.nasa.gov/mission_pages/newhorizons/main/index.html"
            rel="noreferrer"
            target="_blank"
          >
            New Horizons
          </a>
        </div>
        <div
          class="MuiGrid-root classes.missioncontextcontainer MuiGrid-item MuiGrid-grid-xs-12"
        >
          <a
            href="https://www.nasa.gov/osiris-rex"
            rel="noreferrer"
            target="_blank"
          >
            Osiris Rex
          </a>
        </div>
        <div
          class="MuiGrid-root classes.missioncontextcontainer MuiGrid-item MuiGrid-grid-xs-12"
        >
          <a
            href="https://www.nasa.gov/content/goddard/parker-solar-probe"
            rel="noreferrer"
            target="_blank"
          >
            Parker Solar Probe
          </a>
        </div>
        <div
          class="MuiGrid-root classes.missioncontextcontainer MuiGrid-item MuiGrid-grid-xs-12"
        >
          <a
            href="https://www.nasa.gov/launchschedule/"
            rel="noreferrer"
            target="_blank"
          >
            Launch Schedule
          </a>
        </div>
        <div
          class="MuiGrid-root classes.missioncontextcontainer MuiGrid-item MuiGrid-grid-xs-12"
        >
          <a
            href="https://www.nasa.gov/missions"
            rel="noreferrer"
            target="_blank"
          >
            Missions A-Z
          </a>
        </div>
      </div>
    </div>
  </div>,
  "debug": [Function],
  "findAllByAltText": [Function],
  "findAllByDisplayValue": [Function],
  "findAllByLabelText": [Function],
  "findAllByPlaceholderText": [Function],
  "findAllByRole": [Function],
  "findAllByTestId": [Function],
  "findAllByText": [Function],
  "findAllByTitle": [Function],
  "findByAltText": [Function],
  "findByDisplayValue": [Function],
  "findByLabelText": [Function],
  "findByPlaceholderText": [Function],
  "findByRole": [Function],
  "findByTestId": [Function],
  "findByText": [Function],
  "findByTitle": [Function],
  "getAllByAltText": [Function],
  "getAllByDisplayValue": [Function],
  "getAllByLabelText": [Function],
  "getAllByPlaceholderText": [Function],
  "getAllByRole": [Function],
  "getAllByTestId": [Function],
  "getAllByText": [Function],
  "getAllByTitle": [Function],
  "getByAltText": [Function],
  "getByDisplayValue": [Function],
  "getByLabelText": [Function],
  "getByPlaceholderText": [Function],
  "getByRole": [Function],
  "getByTestId": [Function],
  "getByText": [Function],
  "getByTitle": [Function],
  "queryAllByAltText": [Function],
  "queryAllByDisplayValue": [Function],
  "queryAllByLabelText": [Function],
  "queryAllByPlaceholderText": [Function],
  "queryAllByRole": [Function],
  "queryAllByTestId": [Function],
  "queryAllByText": [Function],
  "queryAllByTitle": [Function],
  "queryByAltText": [Function],
  "queryByDisplayValue": [Function],
  "queryByLabelText": [Function],
  "queryByPlaceholderText": [Function],
  "queryByRole": [Function],
  "queryByTestId": [Function],
  "queryByText": [Function],
  "queryByTitle": [Function],
  "rerender": [Function],
  "unmount": [Function],
}
`;
