// Jest Snapshot v1, https://goo.gl/fbAQLP

exports[`UserDetails Page component Correctly renders 1`] = `
Object {
  "asFragment": [Function],
  "baseElement": <body>
    <div>
      <div>
        <div>
          <label>
            Search:
          </label>
          <input
            id="search"
            placeholder=""
            type="search"
          />
        </div>
        <br />
        <div
          class="MuiGrid-root MuiGrid-container MuiGrid-spacing-xs-6"
        >
          <div
            class="MuiGrid-root MuiGrid-item MuiGrid-grid-xs-6"
          >
            <p
              class="MuiTypography-root MuiTypography-body1"
            />
            <p>
              UserName:
              
            </p>
            <p>
              Title:
              
            </p>
            <p>
              FirstName:
              
            </p>
            <p>
              LastName:
              
            </p>
            <p>
              Email:
              
            </p>
            <p>
              PhoneNumber:
              
            </p>
            <p>
              DOB:
              
            </p>
            <p>
              Gender:
              
            </p>
            <p
              class="MuiTypography-root MuiTypography-body1"
            />
          </div>
        </div>
      </div>
    </div>
  </body>,
  "container": <div>
    <div>
      <div>
        <label>
          Search:
        </label>
        <input
          id="search"
          placeholder=""
          type="search"
        />
      </div>
      <br />
      <div
        class="MuiGrid-root MuiGrid-container MuiGrid-spacing-xs-6"
      >
        <div
          class="MuiGrid-root MuiGrid-item MuiGrid-grid-xs-6"
        >
          <p
            class="MuiTypography-root MuiTypography-body1"
          />
          <p>
            UserName:
            
          </p>
          <p>
            Title:
            
          </p>
          <p>
            FirstName:
            
          </p>
          <p>
            LastName:
            
          </p>
          <p>
            Email:
            
          </p>
          <p>
            PhoneNumber:
            
          </p>
          <p>
            DOB:
            
          </p>
          <p>
            Gender:
            
          </p>
          <p
            class="MuiTypography-root MuiTypography-body1"
          />
        </div>
      </div>
    </div>
  </div>,
  "debug": [Function],
  "findAllByAltText": [Function],
  "findAllByDisplayValue": [Function],
  "findAllByLabelText": [Function],
  "findAllByPlaceholderText": [Function],
  "findAllByRole": [Function],
  "findAllByTestId": [Function],
  "findAllByText": [Function],
  "findAllByTitle": [Function],
  "findByAltText": [Function],
  "findByDisplayValue": [Function],
  "findByLabelText": [Function],
  "findByPlaceholderText": [Function],
  "findByRole": [Function],
  "findByTestId": [Function],
  "findByText": [Function],
  "findByTitle": [Function],
  "getAllByAltText": [Function],
  "getAllByDisplayValue": [Function],
  "getAllByLabelText": [Function],
  "getAllByPlaceholderText": [Function],
  "getAllByRole": [Function],
  "getAllByTestId": [Function],
  "getAllByText": [Function],
  "getAllByTitle": [Function],
  "getByAltText": [Function],
  "getByDisplayValue": [Function],
  "getByLabelText": [Function],
  "getByPlaceholderText": [Function],
  "getByRole": [Function],
  "getByTestId": [Function],
  "getByText": [Function],
  "getByTitle": [Function],
  "queryAllByAltText": [Function],
  "queryAllByDisplayValue": [Function],
  "queryAllByLabelText": [Function],
  "queryAllByPlaceholderText": [Function],
  "queryAllByRole": [Function],
  "queryAllByTestId": [Function],
  "queryAllByText": [Function],
  "queryAllByTitle": [Function],
  "queryByAltText": [Function],
  "queryByDisplayValue": [Function],
  "queryByLabelText": [Function],
  "queryByPlaceholderText": [Function],
  "queryByRole": [Function],
  "queryByTestId": [Function],
  "queryByText": [Function],
  "queryByTitle": [Function],
  "rerender": [Function],
  "unmount": [Function],
}
`;
